{"ts":"2026-07-02T08:00:00.029Z","level":"info","message":"Cron triggered","jobId":"daily-website-crawl","schedule":"daily"}
{"ts":"2026-07-02T08:00:00.037Z","level":"info","message":"Job started","jobId":"daily-website-crawl","runId":"daily-website-crawl-1782979200037","attempt":1}
{"ts":"2026-07-02T08:00:00.100Z","level":"info","message":"Cron triggered","jobId":"daily-gbp-sync","schedule":"daily"}
{"ts":"2026-07-02T08:00:00.101Z","level":"info","message":"Job started","jobId":"daily-gbp-sync","runId":"daily-gbp-sync-1782979200101","attempt":1}
{"ts":"2026-07-02T08:00:00.105Z","level":"info","message":"Cron triggered","jobId":"daily-gsc-sync","schedule":"daily"}
{"ts":"2026-07-02T08:00:00.109Z","level":"info","message":"Job started","jobId":"daily-gsc-sync","runId":"daily-gsc-sync-1782979200109","attempt":1}
{"ts":"2026-07-02T08:00:00.112Z","level":"info","message":"Cron triggered","jobId":"daily-ga4-sync","schedule":"daily"}
{"ts":"2026-07-02T08:00:00.114Z","level":"info","message":"Job started","jobId":"daily-ga4-sync","runId":"daily-ga4-sync-1782979200114","attempt":1}
{"ts":"2026-07-02T08:00:00.116Z","level":"info","message":"Cron triggered","jobId":"daily-schema-validation","schedule":"daily"}
{"ts":"2026-07-02T08:00:00.118Z","level":"info","message":"Job started","jobId":"daily-schema-validation","runId":"daily-schema-validation-1782979200118","attempt":1}
{"ts":"2026-07-02T08:00:00.120Z","level":"info","message":"Cron triggered","jobId":"daily-technical-audit","schedule":"daily"}
{"ts":"2026-07-02T08:00:00.121Z","level":"info","message":"Job started","jobId":"daily-technical-audit","runId":"daily-technical-audit-1782979200121","attempt":1}
{"ts":"2026-07-02T08:00:05.328Z","level":"info","message":"Job completed","jobId":"daily-gsc-sync","status":"completed","attempts":1,"duration_ms":5218}
{"ts":"2026-07-02T08:00:06.716Z","level":"info","message":"Job completed","jobId":"daily-ga4-sync","status":"completed","attempts":1,"duration_ms":6601}
{"ts":"2026-07-02T08:00:07.810Z","level":"info","message":"Job completed","jobId":"daily-gbp-sync","status":"completed","attempts":1,"duration_ms":7709}
{"ts":"2026-07-02T08:00:07.904Z","level":"info","message":"Job completed","jobId":"daily-schema-validation","status":"completed","attempts":1,"duration_ms":7786}
{"ts":"2026-07-02T08:00:37.385Z","level":"info","message":"Job completed","jobId":"daily-website-crawl","status":"completed","attempts":1,"duration_ms":37348}
{"ts":"2026-07-02T08:00:51.921Z","level":"info","message":"Job completed","jobId":"daily-technical-audit","status":"completed","attempts":1,"duration_ms":51800}
{"ts":"2026-07-02T09:57:29.275Z","level":"info","message":"Job scheduled","jobId":"daily-website-crawl","cron":"0 3 * * *","schedule":"daily"}
{"ts":"2026-07-02T09:57:29.276Z","level":"info","message":"Job scheduled","jobId":"daily-gbp-sync","cron":"0 3 * * *","schedule":"daily"}
{"ts":"2026-07-02T09:57:29.277Z","level":"info","message":"Job scheduled","jobId":"daily-gsc-sync","cron":"0 3 * * *","schedule":"daily"}
{"ts":"2026-07-02T09:57:29.277Z","level":"info","message":"Job scheduled","jobId":"daily-ga4-sync","cron":"0 3 * * *","schedule":"daily"}
{"ts":"2026-07-02T09:57:29.278Z","level":"info","message":"Job scheduled","jobId":"daily-schema-validation","cron":"0 3 * * *","schedule":"daily"}
{"ts":"2026-07-02T09:57:29.278Z","level":"info","message":"Job scheduled","jobId":"daily-technical-audit","cron":"0 3 * * *","schedule":"daily"}
{"ts":"2026-07-02T09:57:29.279Z","level":"info","message":"Job scheduled","jobId":"weekly-citation-scan","cron":"0 4 * * 1","schedule":"weekly"}
{"ts":"2026-07-02T09:57:29.280Z","level":"info","message":"Job scheduled","jobId":"weekly-content-plan","cron":"0 4 * * 1","schedule":"weekly"}
{"ts":"2026-07-02T09:57:29.280Z","level":"info","message":"Job scheduled","jobId":"weekly-executive-seo-report","cron":"0 4 * * 1","schedule":"weekly"}
{"ts":"2026-07-02T09:57:29.281Z","level":"info","message":"Job scheduled","jobId":"monthly-full-seo-audit","cron":"0 5 1 * *","schedule":"monthly"}
{"ts":"2026-07-02T09:57:29.281Z","level":"info","message":"Scheduler started","jobs":10}
{"ts":"2026-07-02T09:57:29.282Z","level":"info","message":"SEO Automation Orchestrator started","port":4020,"jobs":10,"scheduled":10}
