{"ts":"2026-06-26T07:56:46.637Z","level":"info","message":"Job scheduled","jobId":"daily-website-crawl","cron":"0 3 * * *","schedule":"daily"}
{"ts":"2026-06-26T07:56:46.639Z","level":"info","message":"Job scheduled","jobId":"daily-gbp-sync","cron":"0 3 * * *","schedule":"daily"}
{"ts":"2026-06-26T07:56:46.641Z","level":"info","message":"Job scheduled","jobId":"daily-gsc-sync","cron":"0 3 * * *","schedule":"daily"}
{"ts":"2026-06-26T07:56:46.643Z","level":"info","message":"Job scheduled","jobId":"daily-ga4-sync","cron":"0 3 * * *","schedule":"daily"}
{"ts":"2026-06-26T07:56:46.644Z","level":"info","message":"Job scheduled","jobId":"daily-schema-validation","cron":"0 3 * * *","schedule":"daily"}
{"ts":"2026-06-26T07:56:46.647Z","level":"info","message":"Job scheduled","jobId":"daily-technical-audit","cron":"0 3 * * *","schedule":"daily"}
{"ts":"2026-06-26T07:56:46.648Z","level":"info","message":"Job scheduled","jobId":"weekly-citation-scan","cron":"0 4 * * 1","schedule":"weekly"}
{"ts":"2026-06-26T07:56:46.650Z","level":"info","message":"Job scheduled","jobId":"weekly-content-plan","cron":"0 4 * * 1","schedule":"weekly"}
{"ts":"2026-06-26T07:56:46.652Z","level":"info","message":"Job scheduled","jobId":"weekly-executive-seo-report","cron":"0 4 * * 1","schedule":"weekly"}
{"ts":"2026-06-26T07:56:46.654Z","level":"info","message":"Job scheduled","jobId":"monthly-full-seo-audit","cron":"0 5 1 * *","schedule":"monthly"}
{"ts":"2026-06-26T07:56:46.654Z","level":"info","message":"Scheduler started","jobs":10}
{"ts":"2026-06-26T07:56:46.655Z","level":"info","message":"SEO Automation Orchestrator started","port":4020,"jobs":10,"scheduled":10}
{"ts":"2026-06-26T08:00:00.026Z","level":"info","message":"Cron triggered","jobId":"daily-website-crawl","schedule":"daily"}
{"ts":"2026-06-26T08:00:00.028Z","level":"info","message":"Job started","jobId":"daily-website-crawl","runId":"daily-website-crawl-1782460800028","attempt":1}
{"ts":"2026-06-26T08:00:00.030Z","level":"info","message":"Cron triggered","jobId":"daily-gsc-sync","schedule":"daily"}
{"ts":"2026-06-26T08:00:00.031Z","level":"info","message":"Job started","jobId":"daily-gsc-sync","runId":"daily-gsc-sync-1782460800031","attempt":1}
{"ts":"2026-06-26T08:00:00.032Z","level":"info","message":"Cron triggered","jobId":"daily-schema-validation","schedule":"daily"}
{"ts":"2026-06-26T08:00:00.033Z","level":"info","message":"Job started","jobId":"daily-schema-validation","runId":"daily-schema-validation-1782460800033","attempt":1}
{"ts":"2026-06-26T08:00:00.034Z","level":"info","message":"Cron triggered","jobId":"daily-technical-audit","schedule":"daily"}
{"ts":"2026-06-26T08:00:00.035Z","level":"info","message":"Job started","jobId":"daily-technical-audit","runId":"daily-technical-audit-1782460800035","attempt":1}
{"ts":"2026-06-26T08:00:00.037Z","level":"info","message":"Cron triggered","jobId":"daily-gbp-sync","schedule":"daily"}
{"ts":"2026-06-26T08:00:00.038Z","level":"info","message":"Job started","jobId":"daily-gbp-sync","runId":"daily-gbp-sync-1782460800038","attempt":1}
{"ts":"2026-06-26T08:00:00.039Z","level":"info","message":"Cron triggered","jobId":"daily-ga4-sync","schedule":"daily"}
{"ts":"2026-06-26T08:00:00.040Z","level":"info","message":"Job started","jobId":"daily-ga4-sync","runId":"daily-ga4-sync-1782460800040","attempt":1}
{"ts":"2026-06-26T08:00:00.052Z","level":"info","message":"Job completed","jobId":"daily-gsc-sync","status":"completed","attempts":1,"duration_ms":21}
{"ts":"2026-06-26T08:00:00.056Z","level":"info","message":"Job completed","jobId":"daily-gbp-sync","status":"completed","attempts":1,"duration_ms":17}
{"ts":"2026-06-26T08:00:00.058Z","level":"info","message":"Job completed","jobId":"daily-ga4-sync","status":"completed","attempts":1,"duration_ms":17}
{"ts":"2026-06-26T08:00:00.542Z","level":"info","message":"Job completed","jobId":"daily-schema-validation","status":"completed","attempts":1,"duration_ms":508}
{"ts":"2026-06-26T08:00:03.026Z","level":"info","message":"Job completed","jobId":"daily-technical-audit","status":"completed","attempts":1,"duration_ms":2991}
{"ts":"2026-06-26T08:01:04.493Z","level":"info","message":"Job completed","jobId":"daily-website-crawl","status":"completed","attempts":1,"duration_ms":64464}
{"ts":"2026-06-26T08:11:08.657Z","level":"info","message":"Job scheduled","jobId":"daily-website-crawl","cron":"0 3 * * *","schedule":"daily"}
{"ts":"2026-06-26T08:11:08.659Z","level":"info","message":"Job scheduled","jobId":"daily-gbp-sync","cron":"0 3 * * *","schedule":"daily"}
{"ts":"2026-06-26T08:11:08.661Z","level":"info","message":"Job scheduled","jobId":"daily-gsc-sync","cron":"0 3 * * *","schedule":"daily"}
{"ts":"2026-06-26T08:11:08.662Z","level":"info","message":"Job scheduled","jobId":"daily-ga4-sync","cron":"0 3 * * *","schedule":"daily"}
{"ts":"2026-06-26T08:11:08.663Z","level":"info","message":"Job scheduled","jobId":"daily-schema-validation","cron":"0 3 * * *","schedule":"daily"}
{"ts":"2026-06-26T08:11:08.665Z","level":"info","message":"Job scheduled","jobId":"daily-technical-audit","cron":"0 3 * * *","schedule":"daily"}
{"ts":"2026-06-26T08:11:08.666Z","level":"info","message":"Job scheduled","jobId":"weekly-citation-scan","cron":"0 4 * * 1","schedule":"weekly"}
{"ts":"2026-06-26T08:11:08.667Z","level":"info","message":"Job scheduled","jobId":"weekly-content-plan","cron":"0 4 * * 1","schedule":"weekly"}
{"ts":"2026-06-26T08:11:08.669Z","level":"info","message":"Job scheduled","jobId":"weekly-executive-seo-report","cron":"0 4 * * 1","schedule":"weekly"}
{"ts":"2026-06-26T08:11:08.670Z","level":"info","message":"Job scheduled","jobId":"monthly-full-seo-audit","cron":"0 5 1 * *","schedule":"monthly"}
{"ts":"2026-06-26T08:11:08.670Z","level":"info","message":"Scheduler started","jobs":10}
{"ts":"2026-06-26T08:11:08.671Z","level":"info","message":"SEO Automation Orchestrator started","port":4020,"jobs":10,"scheduled":10}
{"ts":"2026-06-26T08:27:22.436Z","level":"info","message":"Job scheduled","jobId":"daily-website-crawl","cron":"0 3 * * *","schedule":"daily"}
{"ts":"2026-06-26T08:27:22.438Z","level":"info","message":"Job scheduled","jobId":"daily-gbp-sync","cron":"0 3 * * *","schedule":"daily"}
{"ts":"2026-06-26T08:27:22.440Z","level":"info","message":"Job scheduled","jobId":"daily-gsc-sync","cron":"0 3 * * *","schedule":"daily"}
{"ts":"2026-06-26T08:27:22.442Z","level":"info","message":"Job scheduled","jobId":"daily-ga4-sync","cron":"0 3 * * *","schedule":"daily"}
{"ts":"2026-06-26T08:27:22.443Z","level":"info","message":"Job scheduled","jobId":"daily-schema-validation","cron":"0 3 * * *","schedule":"daily"}
{"ts":"2026-06-26T08:27:22.445Z","level":"info","message":"Job scheduled","jobId":"daily-technical-audit","cron":"0 3 * * *","schedule":"daily"}
{"ts":"2026-06-26T08:27:22.447Z","level":"info","message":"Job scheduled","jobId":"weekly-citation-scan","cron":"0 4 * * 1","schedule":"weekly"}
{"ts":"2026-06-26T08:27:22.449Z","level":"info","message":"Job scheduled","jobId":"weekly-content-plan","cron":"0 4 * * 1","schedule":"weekly"}
{"ts":"2026-06-26T08:27:22.450Z","level":"info","message":"Job scheduled","jobId":"weekly-executive-seo-report","cron":"0 4 * * 1","schedule":"weekly"}
{"ts":"2026-06-26T08:27:22.452Z","level":"info","message":"Job scheduled","jobId":"monthly-full-seo-audit","cron":"0 5 1 * *","schedule":"monthly"}
{"ts":"2026-06-26T08:27:22.452Z","level":"info","message":"Scheduler started","jobs":10}
{"ts":"2026-06-26T08:27:22.453Z","level":"info","message":"SEO Automation Orchestrator started","port":4020,"jobs":10,"scheduled":10}
{"ts":"2026-06-26T09:22:52.196Z","level":"error","message":"uncaught","error":"listen EADDRINUSE: address already in use :::4020"}
