{"ts":"2026-07-01T00:36:31.144Z","level":"info","message":"Job scheduled","jobId":"daily-website-crawl","cron":"0 3 * * *","schedule":"daily"}
{"ts":"2026-07-01T00:36:31.145Z","level":"info","message":"Job scheduled","jobId":"daily-gbp-sync","cron":"0 3 * * *","schedule":"daily"}
{"ts":"2026-07-01T00:36:31.145Z","level":"info","message":"Job scheduled","jobId":"daily-gsc-sync","cron":"0 3 * * *","schedule":"daily"}
{"ts":"2026-07-01T00:36:31.146Z","level":"info","message":"Job scheduled","jobId":"daily-ga4-sync","cron":"0 3 * * *","schedule":"daily"}
{"ts":"2026-07-01T00:36:31.147Z","level":"info","message":"Job scheduled","jobId":"daily-schema-validation","cron":"0 3 * * *","schedule":"daily"}
{"ts":"2026-07-01T00:36:31.147Z","level":"info","message":"Job scheduled","jobId":"daily-technical-audit","cron":"0 3 * * *","schedule":"daily"}
{"ts":"2026-07-01T00:36:31.148Z","level":"info","message":"Job scheduled","jobId":"weekly-citation-scan","cron":"0 4 * * 1","schedule":"weekly"}
{"ts":"2026-07-01T00:36:31.149Z","level":"info","message":"Job scheduled","jobId":"weekly-content-plan","cron":"0 4 * * 1","schedule":"weekly"}
{"ts":"2026-07-01T00:36:31.149Z","level":"info","message":"Job scheduled","jobId":"weekly-executive-seo-report","cron":"0 4 * * 1","schedule":"weekly"}
{"ts":"2026-07-01T00:36:31.150Z","level":"info","message":"Job scheduled","jobId":"monthly-full-seo-audit","cron":"0 5 1 * *","schedule":"monthly"}
{"ts":"2026-07-01T00:36:31.150Z","level":"info","message":"Scheduler started","jobs":10}
{"ts":"2026-07-01T00:36:31.150Z","level":"info","message":"SEO Automation Orchestrator started","port":4020,"jobs":10,"scheduled":10}
{"ts":"2026-07-01T08:00:00.029Z","level":"info","message":"Cron triggered","jobId":"daily-website-crawl","schedule":"daily"}
{"ts":"2026-07-01T08:00:00.039Z","level":"info","message":"Job started","jobId":"daily-website-crawl","runId":"daily-website-crawl-1782892800038","attempt":1}
{"ts":"2026-07-01T08:00:00.096Z","level":"info","message":"Cron triggered","jobId":"daily-gbp-sync","schedule":"daily"}
{"ts":"2026-07-01T08:00:00.098Z","level":"info","message":"Job started","jobId":"daily-gbp-sync","runId":"daily-gbp-sync-1782892800098","attempt":1}
{"ts":"2026-07-01T08:00:00.103Z","level":"info","message":"Cron triggered","jobId":"daily-gsc-sync","schedule":"daily"}
{"ts":"2026-07-01T08:00:00.106Z","level":"info","message":"Job started","jobId":"daily-gsc-sync","runId":"daily-gsc-sync-1782892800106","attempt":1}
{"ts":"2026-07-01T08:00:00.109Z","level":"info","message":"Cron triggered","jobId":"daily-ga4-sync","schedule":"daily"}
{"ts":"2026-07-01T08:00:00.114Z","level":"info","message":"Job started","jobId":"daily-ga4-sync","runId":"daily-ga4-sync-1782892800114","attempt":1}
{"ts":"2026-07-01T08:00:00.115Z","level":"info","message":"Cron triggered","jobId":"daily-schema-validation","schedule":"daily"}
{"ts":"2026-07-01T08:00:00.116Z","level":"info","message":"Job started","jobId":"daily-schema-validation","runId":"daily-schema-validation-1782892800116","attempt":1}
{"ts":"2026-07-01T08:00:00.119Z","level":"info","message":"Cron triggered","jobId":"daily-technical-audit","schedule":"daily"}
{"ts":"2026-07-01T08:00:00.120Z","level":"info","message":"Job started","jobId":"daily-technical-audit","runId":"daily-technical-audit-1782892800120","attempt":1}
{"ts":"2026-07-01T08:00:07.053Z","level":"info","message":"Job completed","jobId":"daily-gsc-sync","status":"completed","attempts":1,"duration_ms":6947}
{"ts":"2026-07-01T08:00:07.903Z","level":"info","message":"Job completed","jobId":"daily-schema-validation","status":"completed","attempts":1,"duration_ms":7786}
{"ts":"2026-07-01T08:00:08.689Z","level":"info","message":"Job completed","jobId":"daily-ga4-sync","status":"completed","attempts":1,"duration_ms":8574}
{"ts":"2026-07-01T08:00:09.772Z","level":"info","message":"Job completed","jobId":"daily-gbp-sync","status":"completed","attempts":1,"duration_ms":9674}
{"ts":"2026-07-01T08:00:45.837Z","level":"info","message":"Job completed","jobId":"daily-technical-audit","status":"completed","attempts":1,"duration_ms":45716}
{"ts":"2026-07-01T08:01:37.300Z","level":"info","message":"Job completed","jobId":"daily-website-crawl","status":"completed","attempts":1,"duration_ms":97261}
{"ts":"2026-07-01T10:00:01.590Z","level":"info","message":"Cron triggered","jobId":"monthly-full-seo-audit","schedule":"monthly"}
{"ts":"2026-07-01T10:00:01.594Z","level":"info","message":"Job started","jobId":"monthly-full-seo-audit","runId":"monthly-full-seo-audit-1782900001593","attempt":1}
{"ts":"2026-07-01T10:00:42.302Z","level":"info","message":"Job completed","jobId":"monthly-full-seo-audit","status":"completed","attempts":1,"duration_ms":40708}
{"ts":"2026-07-01T23:43:53.682Z","level":"info","message":"Job scheduled","jobId":"daily-website-crawl","cron":"0 3 * * *","schedule":"daily"}
{"ts":"2026-07-01T23:43:53.683Z","level":"info","message":"Job scheduled","jobId":"daily-gbp-sync","cron":"0 3 * * *","schedule":"daily"}
{"ts":"2026-07-01T23:43:53.684Z","level":"info","message":"Job scheduled","jobId":"daily-gsc-sync","cron":"0 3 * * *","schedule":"daily"}
{"ts":"2026-07-01T23:43:53.684Z","level":"info","message":"Job scheduled","jobId":"daily-ga4-sync","cron":"0 3 * * *","schedule":"daily"}
{"ts":"2026-07-01T23:43:53.685Z","level":"info","message":"Job scheduled","jobId":"daily-schema-validation","cron":"0 3 * * *","schedule":"daily"}
{"ts":"2026-07-01T23:43:53.685Z","level":"info","message":"Job scheduled","jobId":"daily-technical-audit","cron":"0 3 * * *","schedule":"daily"}
{"ts":"2026-07-01T23:43:53.686Z","level":"info","message":"Job scheduled","jobId":"weekly-citation-scan","cron":"0 4 * * 1","schedule":"weekly"}
{"ts":"2026-07-01T23:43:53.687Z","level":"info","message":"Job scheduled","jobId":"weekly-content-plan","cron":"0 4 * * 1","schedule":"weekly"}
{"ts":"2026-07-01T23:43:53.687Z","level":"info","message":"Job scheduled","jobId":"weekly-executive-seo-report","cron":"0 4 * * 1","schedule":"weekly"}
{"ts":"2026-07-01T23:43:53.688Z","level":"info","message":"Job scheduled","jobId":"monthly-full-seo-audit","cron":"0 5 1 * *","schedule":"monthly"}
{"ts":"2026-07-01T23:43:53.688Z","level":"info","message":"Scheduler started","jobs":10}
{"ts":"2026-07-01T23:43:53.688Z","level":"info","message":"SEO Automation Orchestrator started","port":4020,"jobs":10,"scheduled":10}
